<!DOCTYPE html>
<html xmlns:th="http://www.thymeleaf.org">
<head>
    <meta charset="UTF-8">
    <title>Liste des Produits</title>
    <link href="https://cdn.jsdelivr.net/npm/bootstrap@5.1.3/dist/css/bootstrap.min.css" rel="stylesheet">
</head>
<body>
    <div class="container mt-5">
        <div class="d-flex justify-content-between align-items-center mb-4">
            <h2>Liste des Produits</h2>
            <a th:href="@{/produits/nouveau}" class="btn btn-primary">Nouveau Produit</a>
        </div>

        <div th:if="${message}" class="alert alert-success" role="alert">
            <span th:text="${message}">Message de succès</span>
        </div>

        <div class="row row-cols-1 row-cols-md-3 g-4">
            <div th:each="produit : ${produits}" class="col">
                <div class="card h-100">
                    <div th:if="${produit.imageProduit}">
                        <!-- Debug info -->
                        <p class="text-muted small">Image path: <span th:text="${produit.imageProduit}"></span></p>
                       <img th:src="@{/${produit.imageProduit}}" th:alt="${produit.nomProduit}" />
                    </div>
                    <div th:unless="${produit.imageProduit}" 
                         class="card-img-top bg-light d-flex align-items-center justify-content-center"
                         style="height: 200px;">
                        <span class="text-muted">Pas d'image</span>
                    </div>
                    <div class="card-body">
                        <h5 class="card-title" th:text="${produit.nomProduit}">Nom du produit</h5>
                        <p class="card-text" th:text="${produit.description}">Description</p>
                        <p class="card-text">
                            <small class="text-muted">Type: </small>
                            <span th:text="${produit.type}">Type</span>
                        </p>
                        <p class="card-text">
                            <small class="text-muted">Stock: </small>
                            <span th:text="${produit.stockDisponible}">Stock</span>
                        </p>
                        <p class="card-text">
                            <small class="text-muted">Prix: </small>
                            <span th:text="${#numbers.formatDecimal(produit.prixUnitaire, 1, 2)} + ' $'">Prix</span>
                        </p>
                        <div class="d-flex justify-content-between">
                            <a th:href="@{/produits/edit/{id}(id=${produit.id})}" 
                               class="btn btn-outline-primary btn-sm">Modifier</a>
                            <form th:action="@{/produits/delete/{id}(id=${produit.id})}" 
                                  method="post" 
                                  onsubmit="return confirm('Êtes-vous sûr de vouloir supprimer ce produit?');">
                                <button type="submit" class="btn btn-outline-danger btn-sm">Supprimer</button>
                            </form>
                        </div>
                    </div>
                </div>
            </div>
        </div>
    </div>

    <script src="https://cdn.jsdelivr.net/npm/bootstrap@5.1.3/dist/js/bootstrap.bundle.min.js"></script>
</body>
</html>
